// Jest Snapshot v1, https://goo.gl/fbAQLP

exports[`Login Page should match snapshot 1`] = `
<div>
  <form
    autocomplete="off"
    method="POST"
  >
    <div
      class="mt-8"
    >
      <label
        class="block mb-2 text-sm font-medium text-gray-900 dark:text-white"
      >
        Your login
      </label>
      <input
        aria-label="Your login"
        class="bg-gray-50 border border-gray-300 text-gray-900 sm:text-sm rounded-lg focus:ring-primary-600 focus:border-primary-600 block w-full p-2.5 dark:bg-gray-700 dark:border-gray-600 dark:placeholder-gray-400 dark:text-white dark:focus:ring-blue-500 dark:focus:border-blue-500"
        id="login_Your login"
        name="login"
        placeholder="Your login"
        required=""
        type="text"
        value="Login"
      />
    </div>
    <div
      class="mt-8"
    >
      <label
        class="block mb-2 text-sm font-medium text-gray-900 dark:text-white"
      >
        Your password
      </label>
      <input
        aria-label="Your password"
        class="bg-gray-50 border border-gray-300 text-gray-900 sm:text-sm rounded-lg focus:ring-primary-600 focus:border-primary-600 block w-full p-2.5 dark:bg-gray-700 dark:border-gray-600 dark:placeholder-gray-400 dark:text-white dark:focus:ring-blue-500 dark:focus:border-blue-500"
        id="password_Your password"
        name="password"
        placeholder="Your password"
        required=""
        type="password"
        value="Password"
      />
    </div>
    <div
      class="mt-8"
    >
      <button
        class="w-full text-white bg-blue-600 hover:bg-blue-700 focus:ring-4 focus:outline-none focus:ring-primary-300 font-medium rounded-lg text-sm px-5 py-2.5 text-center dark:bg-primary-600 dark:hover:bg-primary-700 dark:focus:ring-primary-800"
        type="submit"
      >
        Sign in
      </button>
    </div>
  </form>
</div>
`;
