// Jest Snapshot v1, https://goo.gl/fbAQLP

exports[`Input Should match snapshot 1`] = `
<div>
  <div
    class="mt-8"
  >
    <label
      class="block mb-2 text-sm font-medium text-gray-900 dark:text-white"
    >
      My Label
    </label>
    <input
      aria-label="My Label"
      class="bg-gray-50 border border-gray-300 text-gray-900 sm:text-sm rounded-lg focus:ring-primary-600 focus:border-primary-600 block w-full p-2.5 dark:bg-gray-700 dark:border-gray-600 dark:placeholder-gray-400 dark:text-white dark:focus:ring-blue-500 dark:focus:border-blue-500"
      id="_My Label"
      name=""
      placeholder="My Placeholder"
      required=""
      type="text"
      value=""
    />
  </div>
</div>
`;
